Using the Automation Framework
Total of 30 URLs
PASS: In Page Banner Information Leak [10009]
PASS: Cookie No HttpOnly Flag [10010]
PASS: Cookie Without Secure Flag [10011]
PASS: Cross-Domain JavaScript Source File Inclusion [10017]
PASS: Content-Type Header Missing [10019]
PASS: Anti-clickjacking Header [10020]
PASS: X-Content-Type-Options Header Missing [10021]
PASS: Information Disclosure - Debug Error Messages [10023]
PASS: Information Disclosure - Sensitive Information in URL [10024]
PASS: Information Disclosure - Sensitive Information in HTTP Referrer Header [10025]
PASS: HTTP Parameter Override [10026]
PASS: Information Disclosure - Suspicious Comments [10027]
PASS: Off-site Redirect [10028]
PASS: Cookie Poisoning [10029]
PASS: User Controllable Charset [10030]
PASS: User Controllable HTML Element Attribute (Potential XSS) [10031]
PASS: Viewstate [10032]
PASS: Directory Browsing [10033]
PASS: Heartbleed OpenSSL Vulnerability (Indicative) [10034]
PASS: Strict-Transport-Security Header [10035]
PASS: HTTP Server Response Header [10036]
PASS: Server Leaks Information via "X-Powered-By" HTTP Response Header Field(s) [10037]
PASS: Content Security Policy (CSP) Header Not Set [10038]
PASS: X-Backend-Server Header Information Leak [10039]
PASS: Secure Pages Include Mixed Content [10040]
PASS: HTTP to HTTPS Insecure Transition in Form Post [10041]
PASS: HTTPS to HTTP Insecure Transition in Form Post [10042]
PASS: User Controllable JavaScript Event (XSS) [10043]
PASS: Big Redirect Detected (Potential Sensitive Information Leak) [10044]
PASS: X-ChromeLogger-Data (XCOLD) Header Information Leak [10052]
PASS: Cookie without SameSite Attribute [10054]
PASS: X-Debug-Token Information Leak [10056]
PASS: Username Hash Found [10057]
PASS: X-AspNet-Version Response Header [10061]
PASS: PII Disclosure [10062]
PASS: Permissions Policy Header Not Set [10063]
PASS: Hash Disclosure [10097]
PASS: Cross-Domain Misconfiguration [10098]
PASS: Source Code Disclosure [10099]
PASS: Weak Authentication Method [10105]
PASS: Reverse Tabnabbing [10108]
PASS: Dangerous JS Functions [10110]
PASS: Authentication Request Identified [10111]
PASS: Session Management Response Identified [10112]
PASS: Verification Request Identified [10113]
PASS: Script Served From Malicious Domain (polyfill) [10115]
PASS: ZAP is Out of Date [10116]
PASS: Absence of Anti-CSRF Tokens [10202]
PASS: Private IP Disclosure [2]
PASS: Session ID in URL Rewrite [3]
PASS: Script Passive Scan Rules [50001]
PASS: Stats Passive Scan Rule [50003]
PASS: Insecure JSF ViewState [90001]
PASS: Java Serialization Object [90002]
PASS: Charset Mismatch [90011]
PASS: Application Error Disclosure [90022]
PASS: WSDL File Detection [90030]
PASS: Loosely Scoped Cookie [90033]
WARN-NEW: Vulnerable JS Library [10003] x 1 
	https://nt-commerce.net/static/js/main.6499f406.js (200 OK)
WARN-NEW: Re-examine Cache-control Directives [10015] x 4 
	https://nt-commerce.net (200 OK)
	https://nt-commerce.net/ (200 OK)
	https://nt-commerce.net/robots.txt (200 OK)
	https://nt-commerce.net/sitemap.xml (200 OK)
WARN-NEW: Storable and Cacheable Content [10049] x 7 
	https://nt-commerce.net/api/ (200 OK)
	https://nt-commerce.net/robots.txt (200 OK)
	https://nt-commerce.net (200 OK)
	https://nt-commerce.net/ (200 OK)
	https://nt-commerce.net/landing (200 OK)
WARN-NEW: Retrieved from Cache [10050] x 2 
	https://nt-commerce.net/static/css/main.cc701b27.css (200 OK)
	https://nt-commerce.net/static/js/main.6499f406.js (200 OK)
WARN-NEW: CSP: Failure to Define Directive with No Fallback [10055] x 8 
	https://nt-commerce.net (200 OK)
	https://nt-commerce.net/ (200 OK)
	https://nt-commerce.net (200 OK)
	https://nt-commerce.net/ (200 OK)
	https://nt-commerce.net (200 OK)
WARN-NEW: Timestamp Disclosure - Unix [10096] x 2 
	https://nt-commerce.net/static/js/main.6499f406.js (200 OK)
	https://nt-commerce.net/static/js/main.6499f406.js (200 OK)
WARN-NEW: Modern Web Application [10109] x 5 
	https://nt-commerce.net (200 OK)
	https://nt-commerce.net/ (200 OK)
	https://nt-commerce.net/landing (200 OK)
	https://nt-commerce.net/register (200 OK)
	https://nt-commerce.net/tenant-login (200 OK)
WARN-NEW: Sub Resource Integrity Attribute Missing [90003] x 5 
	https://nt-commerce.net (200 OK)
	https://nt-commerce.net/ (200 OK)
	https://nt-commerce.net/landing (200 OK)
	https://nt-commerce.net/register (200 OK)
	https://nt-commerce.net/tenant-login (200 OK)
WARN-NEW: Cross-Origin-Embedder-Policy Header Missing or Invalid [90004] x 11 
	https://nt-commerce.net (200 OK)
	https://nt-commerce.net/ (200 OK)
	https://nt-commerce.net/landing (200 OK)
	https://nt-commerce.net (200 OK)
	https://nt-commerce.net/ (200 OK)
FAIL-NEW: 0	FAIL-INPROG: 0	WARN-NEW: 9	WARN-INPROG: 0	INFO: 0	IGNORE: 0	PASS: 58
